Device: cuda
GPU: NVIDIA GeForce RTX 3090
Data: 1500 total, 1275 train, 225 val
/usr/local/lib/python3.12/dist-packages/albumentations/core/validation.py:114: UserWarning: ShiftScaleRotate is a special case of Affine transform. Please use Affine transform instead.
  original_init(self, **validated_kwargs)
Loading SegFormer-B2 pretrained encoder...
Traceback (most recent call last):
  File "/usr/local/lib/python3.12/dist-packages/huggingface_hub/file_download.py", line 399, in http_get
    import hf_transfer  # type: ignore[no-redef]
    ^^^^^^^^^^^^^^^^^^
ModuleNotFoundError: No module named 'hf_transfer'

During handling of the above exception, another exception occurred:

Traceback (most recent call last):
  File "/workspace/morphograph-infra/scripts/train_b0.py", line 256, in <module>
    main()
  File "/workspace/morphograph-infra/scripts/train_b0.py", line 81, in main
    model = MorphoAuxNet(
            ^^^^^^^^^^^^^
  File "/workspace/morphograph-infra/src/morphograph/models/morphograph_net.py", line 288, in __init__
    self.encoder = self._build_encoder(backbone)
                   ^^^^^^^^^^^^^^^^^^^^^^^^^^^^^
  File "/workspace/morphograph-infra/src/morphograph/models/morphograph_net.py", line 320, in _build_encoder
    model = SegformerModel.from_pretrained(
            ^^^^^^^^^^^^^^^^^^^^^^^^^^^^^^^
  File "/usr/local/lib/python3.12/dist-packages/transformers/modeling_utils.py", line 277, in _wrapper
    return func(*args, **kwargs)
           ^^^^^^^^^^^^^^^^^^^^^
  File "/usr/local/lib/python3.12/dist-packages/transformers/modeling_utils.py", line 4734, in from_pretrained
    resolved_config_file = cached_file(
                           ^^^^^^^^^^^^
  File "/usr/local/lib/python3.12/dist-packages/transformers/utils/hub.py", line 322, in cached_file
    file = cached_files(path_or_repo_id=path_or_repo_id, filenames=[filename], **kwargs)
           ^^^^^^^^^^^^^^^^^^^^^^^^^^^^^^^^^^^^^^^^^^^^^^^^^^^^^^^^^^^^^^^^^^^^^^^^^^^^^
  File "/usr/local/lib/python3.12/dist-packages/transformers/utils/hub.py", line 567, in cached_files
    raise e
  File "/usr/local/lib/python3.12/dist-packages/transformers/utils/hub.py", line 479, in cached_files
    hf_hub_download(
  File "/usr/local/lib/python3.12/dist-packages/huggingface_hub/utils/_validators.py", line 114, in _inner_fn
    return fn(*args, **kwargs)
           ^^^^^^^^^^^^^^^^^^^
  File "/usr/local/lib/python3.12/dist-packages/huggingface_hub/file_download.py", line 1014, in hf_hub_download
    return _hf_hub_download_to_cache_dir(
           ^^^^^^^^^^^^^^^^^^^^^^^^^^^^^^
  File "/usr/local/lib/python3.12/dist-packages/huggingface_hub/file_download.py", line 1175, in _hf_hub_download_to_cache_dir
    _download_to_tmp_and_move(
  File "/usr/local/lib/python3.12/dist-packages/huggingface_hub/file_download.py", line 1742, in _download_to_tmp_and_move
    http_get(
  File "/usr/local/lib/python3.12/dist-packages/huggingface_hub/file_download.py", line 401, in http_get
    raise ValueError(
ValueError: Fast download using 'hf_transfer' is enabled (HF_HUB_ENABLE_HF_TRANSFER=1) but 'hf_transfer' package is not available in your environment. Try `pip install hf_transfer`.
